1..75
# TestSuite "PHPIDS" started.
1..31
# TestSuite "IDS_MonitorTest" started.
ok 1 - testRunWithTags(IDS_MonitorTest)
ok 2 - testRun(IDS_MonitorTest)
ok 3 - testNoResult(IDS_MonitorTest)
ok 4 - testSetExceptionsString(IDS_MonitorTest)
ok 5 - testSetExceptionsArray(IDS_MonitorTest)
ok 6 - testList(IDS_MonitorTest)
ok 7 - testListWithJsonFilters(IDS_MonitorTest)
ok 8 - testListWithKeyScanning(IDS_MonitorTest)
ok 9 - testListWithException(IDS_MonitorTest)
ok 10 - testListWithSubKeys(IDS_MonitorTest)
ok 11 - testListWithSubKeysAndExceptions(IDS_MonitorTest)
ok 12 - testAttributeBreakerList(IDS_MonitorTest)
ok 13 - testCommentList(IDS_MonitorTest)
ok 14 - testConcatenatedXSSList(IDS_MonitorTest)
ok 15 - testConcatenatedXSSList2(IDS_MonitorTest)
ok 16 - testXMLPredicateXSSList(IDS_MonitorTest)
ok 17 - testXSSList(IDS_MonitorTest)
ok 18 - testSelfContainedXSSList(IDS_MonitorTest)
ok 19 - testSQLIList(IDS_MonitorTest)
ok 20 - testSQLIList2(IDS_MonitorTest)
ok 21 - testSQLIList3(IDS_MonitorTest)
ok 22 - testSQLIList4(IDS_MonitorTest)
ok 23 - testSQLIList5(IDS_MonitorTest)
ok 24 - testDTList(IDS_MonitorTest)
ok 25 - testURIList(IDS_MonitorTest)
ok 26 - testRFEList(IDS_MonitorTest)
ok 27 - testDecimalCCConverter(IDS_MonitorTest)
ok 28 - testOctalCCConverter(IDS_MonitorTest)
ok 29 - testHexCCConverter(IDS_MonitorTest)
ok 30 - testLDAPInjectionList(IDS_MonitorTest)
ok 31 - testForFalseAlerts(IDS_MonitorTest)
# TestSuite "IDS_MonitorTest" ended.
# TestSuite "IDS_ReportTest" started.
ok 32 - testEmpty(IDS_ReportTest)
ok 33 - testCountable(IDS_ReportTest)
ok 34 - testGetterByName(IDS_ReportTest)
ok 35 - testGetTags(IDS_ReportTest)
ok 36 - testImpactSum(IDS_ReportTest)
ok 37 - testHasEvent(IDS_ReportTest)
ok 38 - testAddingAnotherEventAfterCalculation(IDS_ReportTest)
ok 39 - testIteratorAggregate(IDS_ReportTest)
ok 40 - testToString(IDS_ReportTest)
ok 41 - testToStringEmpty(IDS_ReportTest)
ok 42 - testGetEvent(IDS_ReportTest)
ok 43 - testGetEventWrong(IDS_ReportTest)
# TestSuite "IDS_ReportTest" ended.
# TestSuite "IDS_InitTest" started.
ok 44 - testInit(IDS_InitTest)
ok 45 - testInitConfig(IDS_InitTest)
ok 46 - testInitClone(IDS_InitTest)
ok 47 - testInitGetConfigPath(IDS_InitTest)
ok 48 - testInitSetConfigOverwrite(IDS_InitTest)
ok 49 - testInitSetConfigNoOverwrite(IDS_InitTest)
ok 50 - testInitGetConfig(IDS_InitTest)
# TestSuite "IDS_InitTest" ended.
# TestSuite "IDS_ExceptionTest" started.
ok 51 - testEventConstructorExceptions1(IDS_ExceptionTest)
ok 52 - testEventConstructorExceptions2(IDS_ExceptionTest)
ok 53 - testEventConstructorExceptions3(IDS_ExceptionTest)
ok 54 - testGetEventException(IDS_ExceptionTest)
ok 55 - testHasEventException(IDS_ExceptionTest)
ok 56 - testInitConfigWrongPathException(IDS_ExceptionTest)
ok 57 - testWrongXmlFilterPathException(IDS_ExceptionTest)
# TestSuite "IDS_ExceptionTest" ended.
# TestSuite "IDS_FilterTest" started.
ok 58 - testObjectConstruction(IDS_FilterTest)
ok 59 - testModificator(IDS_FilterTest)
ok 60 - testExceptions(IDS_FilterTest)
ok 61 - testFilterSetFilterSet(IDS_FilterTest)
# TestSuite "IDS_FilterTest" ended.
# TestSuite "IDS_CachingTest" started.
ok 62 - testCachingNone(IDS_CachingTest)
ok 63 - testCachingFile(IDS_CachingTest)
ok 64 - testCachingFileSetCache(IDS_CachingTest)
ok 65 - testCachingFileGetCache(IDS_CachingTest)
ok 66 - testCachingSession(IDS_CachingTest)
ok 67 - testCachingSessionSetCache(IDS_CachingTest)
ok 68 - testCachingSessionGetCache(IDS_CachingTest)
ok 69 - testCachingSessionGetCacheDestroyed(IDS_CachingTest)
# TestSuite "IDS_CachingTest" ended.
# TestSuite "IDS_EventTest" started.
ok 70 - testName(IDS_EventTest)
ok 71 - testValueAggregation(IDS_EventTest)
ok 72 - testIterator(IDS_EventTest)
ok 73 - testCount(IDS_EventTest)
ok 74 - testCopy(IDS_EventTest)
ok 75 - testIteratorAggregate(IDS_EventTest)
# TestSuite "IDS_EventTest" ended.
# TestSuite "PHPIDS" ended.
