1..71
# TestSuite "PHPIDS" started.
1..28
# TestSuite "IDS_MonitorTest" started.
ok 1 - testRunWithTags(IDS_MonitorTest)
ok 2 - testRun(IDS_MonitorTest)
ok 3 - testNoResult(IDS_MonitorTest)
ok 4 - testSetExceptionsString(IDS_MonitorTest)
ok 5 - testSetExceptionsArray(IDS_MonitorTest)
ok 6 - testList(IDS_MonitorTest)
ok 7 - testListWithJsonFilters(IDS_MonitorTest)
ok 8 - testListWithKeyScanning(IDS_MonitorTest)
ok 9 - testListWithException(IDS_MonitorTest)
ok 10 - testListWithSubKeys(IDS_MonitorTest)
ok 11 - testListWithSubKeysAndExceptions(IDS_MonitorTest)
ok 12 - testAttributeBreakerList(IDS_MonitorTest)
ok 13 - testCommentList(IDS_MonitorTest)
ok 14 - testConcatenatedXSSList(IDS_MonitorTest)
ok 15 - testConcatenatedXSSList2(IDS_MonitorTest)
ok 16 - testXMLPredicateXSSList(IDS_MonitorTest)
ok 17 - testXSSList(IDS_MonitorTest)
ok 18 - testSelfContainedXSSList(IDS_MonitorTest)
ok 19 - testSQLIList(IDS_MonitorTest)
ok 20 - testSQLIList2(IDS_MonitorTest)
ok 21 - testDTList(IDS_MonitorTest)
ok 22 - testURIList(IDS_MonitorTest)
ok 23 - testRFEList(IDS_MonitorTest)
ok 24 - testDecimalCCConverter(IDS_MonitorTest)
ok 25 - testOctalCCConverter(IDS_MonitorTest)
ok 26 - testHexCCConverter(IDS_MonitorTest)
ok 27 - testLDAPInjectionList(IDS_MonitorTest)
ok 28 - testForFalseAlerts(IDS_MonitorTest)
# TestSuite "IDS_MonitorTest" ended.
# TestSuite "IDS_ReportTest" started.
ok 29 - testEmpty(IDS_ReportTest)
ok 30 - testCountable(IDS_ReportTest)
ok 31 - testGetterByName(IDS_ReportTest)
ok 32 - testGetTags(IDS_ReportTest)
ok 33 - testImpactSum(IDS_ReportTest)
ok 34 - testHasEvent(IDS_ReportTest)
ok 35 - testAddingAnotherEventAfterCalculation(IDS_ReportTest)
ok 36 - testIteratorAggregate(IDS_ReportTest)
ok 37 - testToString(IDS_ReportTest)
ok 38 - testToStringEmpty(IDS_ReportTest)
ok 39 - testGetEvent(IDS_ReportTest)
ok 40 - testGetEventWrong(IDS_ReportTest)
# TestSuite "IDS_ReportTest" ended.
# TestSuite "IDS_InitTest" started.
ok 41 - testInit(IDS_InitTest)
ok 42 - testInitConfig(IDS_InitTest)
ok 43 - testInitClone(IDS_InitTest)
ok 44 - testInitGetConfigPath(IDS_InitTest)
ok 45 - testInitSetConfig(IDS_InitTest)
ok 46 - testInitGetConfig(IDS_InitTest)
# TestSuite "IDS_InitTest" ended.
# TestSuite "IDS_ExceptionTest" started.
ok 47 - testEventConstructorExceptions1(IDS_ExceptionTest)
ok 48 - testEventConstructorExceptions2(IDS_ExceptionTest)
ok 49 - testEventConstructorExceptions3(IDS_ExceptionTest)
ok 50 - testGetEventException(IDS_ExceptionTest)
ok 51 - testHasEventException(IDS_ExceptionTest)
ok 52 - testInitConfigWrongPathException(IDS_ExceptionTest)
ok 53 - testWrongXmlFilterPathException(IDS_ExceptionTest)
# TestSuite "IDS_ExceptionTest" ended.
# TestSuite "IDS_FilterTest" started.
ok 54 - testObjectConstruction(IDS_FilterTest)
ok 55 - testModificator(IDS_FilterTest)
ok 56 - testExceptions(IDS_FilterTest)
ok 57 - testFilterSetFilterSet(IDS_FilterTest)
# TestSuite "IDS_FilterTest" ended.
# TestSuite "IDS_CachingTest" started.
ok 58 - testCachingNone(IDS_CachingTest)
ok 59 - testCachingFile(IDS_CachingTest)
ok 60 - testCachingFileSetCache(IDS_CachingTest)
ok 61 - testCachingFileGetCache(IDS_CachingTest)
ok 62 - testCachingSession(IDS_CachingTest)
ok 63 - testCachingSessionSetCache(IDS_CachingTest)
ok 64 - testCachingSessionGetCache(IDS_CachingTest)
ok 65 - testCachingSessionGetCacheDestroyed(IDS_CachingTest)
# TestSuite "IDS_CachingTest" ended.
# TestSuite "IDS_EventTest" started.
ok 66 - testName(IDS_EventTest)
ok 67 - testValueAggregation(IDS_EventTest)
ok 68 - testIterator(IDS_EventTest)
ok 69 - testCount(IDS_EventTest)
ok 70 - testCopy(IDS_EventTest)
ok 71 - testIteratorAggregate(IDS_EventTest)
# TestSuite "IDS_EventTest" ended.
# TestSuite "PHPIDS" ended.
