1..57
# TestSuite "PHP IDS" started.
1..6
# TestSuite "IDS_ExceptionTest" started.
ok 1 - testEventConstructorExceptions1(IDS_ExceptionTest)
ok 2 - testEventConstructorExceptions2(IDS_ExceptionTest)
ok 3 - testEventConstructorExceptions3(IDS_ExceptionTest)
ok 4 - testGetEventException(IDS_ExceptionTest)
ok 5 - testHasEventException(IDS_ExceptionTest)
ok 6 - testInitCloneException(IDS_ExceptionTest)
# TestSuite "IDS_ExceptionTest" ended.
# TestSuite "IDS_FilterTest" started.
ok 7 - testObjectConstruction(IDS_FilterTest)
ok 8 - testModificator(IDS_FilterTest)
ok 9 - testExceptions(IDS_FilterTest)
ok 10 - testFilterSetFilterSet(IDS_FilterTest)
# TestSuite "IDS_FilterTest" ended.
# TestSuite "IDS_InitTest" started.
ok 11 - testInit(IDS_InitTest)
ok 12 - testInitConfig(IDS_InitTest)
# TestSuite "IDS_InitTest" ended.
# TestSuite "IDS_MonitorTest" started.
ok 13 - testRunWithTags(IDS_MonitorTest)
ok 14 - testRun(IDS_MonitorTest)
ok 15 - testNoResult(IDS_MonitorTest)
ok 16 - testSetExceptionsString(IDS_MonitorTest)
ok 17 - testSetExceptionsArray(IDS_MonitorTest)
ok 18 - testList(IDS_MonitorTest)
ok 19 - testListWithKeyScanning(IDS_MonitorTest)
ok 20 - testListWithException(IDS_MonitorTest)
ok 21 - testListWithSubKeys(IDS_MonitorTest)
ok 22 - testListWithSubKeysAndExceptions(IDS_MonitorTest)
ok 23 - testXSSList(IDS_MonitorTest)
ok 24 - testSelfContainedXSSList(IDS_MonitorTest)
ok 25 - testSQLIList(IDS_MonitorTest)
ok 26 - testDTList(IDS_MonitorTest)
ok 27 - testURIList(IDS_MonitorTest)
ok 28 - testRFEList(IDS_MonitorTest)
ok 29 - testDecimalCCConverter(IDS_MonitorTest)
ok 30 - testOctalCCConverter(IDS_MonitorTest)
ok 31 - testHexCCConverter(IDS_MonitorTest)
# TestSuite "IDS_MonitorTest" ended.
# TestSuite "IDS_CachingTest" started.
ok 32 - testCachingNone(IDS_CachingTest)
ok 33 - testCachingFile(IDS_CachingTest)
ok 34 - testCachingFileSetCache(IDS_CachingTest)
ok 35 - testCachingFileGetCache(IDS_CachingTest)
ok 36 - testCachingSession(IDS_CachingTest)
ok 37 - testCachingSessionSetCache(IDS_CachingTest)
ok 38 - testCachingSessionGetCache(IDS_CachingTest)
ok 39 - testCachingSessionGetCacheDestroyed(IDS_CachingTest)
# TestSuite "IDS_CachingTest" ended.
# TestSuite "IDS_ReportTest" started.
ok 40 - testEmpty(IDS_ReportTest)
ok 41 - testCountable(IDS_ReportTest)
ok 42 - testGetterByName(IDS_ReportTest)
ok 43 - testGetTags(IDS_ReportTest)
ok 44 - testImpactSum(IDS_ReportTest)
ok 45 - testHasEvent(IDS_ReportTest)
ok 46 - testAddingAnotherEventAfterCalculation(IDS_ReportTest)
ok 47 - testIteratorAggregate(IDS_ReportTest)
ok 48 - testToString(IDS_ReportTest)
ok 49 - testToStringEmpty(IDS_ReportTest)
ok 50 - testGetEvent(IDS_ReportTest)
ok 51 - testGetEventWrong(IDS_ReportTest)
# TestSuite "IDS_ReportTest" ended.
# TestSuite "IDS_EventTest" started.
ok 52 - testName(IDS_EventTest)
ok 53 - testValueAggregation(IDS_EventTest)
ok 54 - testIterator(IDS_EventTest)
ok 55 - testCount(IDS_EventTest)
ok 56 - testCopy(IDS_EventTest)
ok 57 - testIteratorAggregate(IDS_EventTest)
# TestSuite "IDS_EventTest" ended.
# TestSuite "PHP IDS" ended.
